./sdriver.pl -t trace01.txt -s ./tsh -a "-p"
#
# trace01.txt - Properly terminate on EOF.
#
./sdriver.pl -t trace02.txt -s ./tsh -a "-p"
#
# trace02.txt - Process builtin quit command.
#
./sdriver.pl -t trace03.txt -s ./tsh -a "-p"
#
# trace03.txt - Run a foreground job.
#
tsh> quit
./sdriver.pl -t trace04.txt -s ./tsh -a "-p"
#
# trace04.txt - Run a background job.
#
tsh> ./myspin 1 &
[1] (19237) ./myspin 1 &
./sdriver.pl -t trace05.txt -s ./tsh -a "-p"
#
# trace05.txt - Process jobs builtin command.
#
tsh> ./myspin 2 &
[1] (19260) ./myspin 2 &
tsh> ./myspin 3 &
[2] (19262) ./myspin 3 &
tsh> jobs
[1] (19260) Running ./myspin 2 &
[2] (19262) Running ./myspin 3 &
./sdriver.pl -t trace06.txt -s ./tsh -a "-p"
#
# trace06.txt - Forward SIGINT to foreground job.
#
tsh> ./myspin 4
Job [1] (19303) terminated by signal 2
./sdriver.pl -t trace07.txt -s ./tsh -a "-p"
#
# trace07.txt - Forward SIGINT only to foreground job.
#
tsh> ./myspin 4 &
[1] (19308) ./myspin 4 &
tsh> ./myspin 5
Job [2] (19310) terminated by signal 2
tsh> jobs
[1] (19308) Running ./myspin 4 &
./sdriver.pl -t trace08.txt -s ./tsh -a "-p"
#
# trace08.txt - Forward SIGTSTP only to foreground job.
#
tsh> ./myspin 4 &
[1] (19349) ./myspin 4 &
tsh> ./myspin 5
Job [2] (19351) stopped by signal 20
tsh> jobs
[1] (19349) Running ./myspin 4 &
[2] (19351) Stopped ./myspin 5 
./sdriver.pl -t trace09.txt -s ./tsh -a "-p"
#
# trace09.txt - Process bg builtin command
#
tsh> ./myspin 4 &
[1] (19395) ./myspin 4 &
tsh> ./myspin 5
Job [2] (19397) stopped by signal 20
tsh> jobs
[1] (19395) Running ./myspin 4 &
[2] (19397) Stopped ./myspin 5 
tsh> bg %2
[2] (19397) ./myspin 5 

tsh> jobs
[1] (19395) Running ./myspin 4 &
[2] (19397) Running ./myspin 5 
./sdriver.pl -t trace10.txt -s ./tsh -a "-p"
#
# trace10.txt - Process fg builtin command. 
#
tsh> ./myspin 4 &
[1] (19438) ./myspin 4 &
tsh> fg %1
Job [1] (19438) stopped by signal 20
tsh> jobs
[1] (19438) Stopped ./myspin 4 &
tsh> fg %1
tsh> jobs
./sdriver.pl -t trace11.txt -s ./tsh -a "-p"
#
# trace11.txt - Forward SIGINT to every process in foreground process group
#
tsh> ./mysplit 4
Job [1] (19477) terminated by signal 2
tsh> /bin/ps a
    PID TTY      STAT   TIME COMMAND
    267 hvc0     Ss+    0:00 /sbin/agetty -o -p -- \u --noclear --keep-baud - 115200,38400,9600 vt220
    275 tty1     Ss+    0:00 /sbin/agetty -o -p -- \u --noclear - linux
    362 pts/1    Ss     0:00 /bin/login -f
    383 pts/0    Ss+    0:00 sh -c "$VSCODE_WSL_EXT_LOCATION/scripts/wslServer.sh" 91fa95bccb027ece6a968589bb1d662fa9c8e170 stable code-server .vscode-server --host=127.0.0.1 --port=0 --connection-token=2050053804-3835025002-99595665-1271105006 --use-host-proxy --without-browser-env-var --disable-websocket-compression --accept-server-license-terms --telemetry-level=all
    384 pts/0    S+     0:00 sh /mnt/c/Users/Jin_zd/.vscode/extensions/ms-vscode-remote.remote-wsl-0.99.0/scripts/wslServer.sh 91fa95bccb027ece6a968589bb1d662fa9c8e170 stable code-server .vscode-server --host=127.0.0.1 --port=0 --connection-token=2050053804-3835025002-99595665-1271105006 --use-host-proxy --without-browser-env-var --disable-websocket-compression --accept-server-license-terms --telemetry-level=all
    435 pts/1    S+     0:00 -bash
    584 pts/0    S+     0:00 sh /home/jin_zd/.vscode-server/bin/91fa95bccb027ece6a968589bb1d662fa9c8e170/bin/code-server --host=127.0.0.1 --port=0 --connection-token=2050053804-3835025002-99595665-1271105006 --use-host-proxy --without-browser-env-var --disable-websocket-compression --accept-server-license-terms --telemetry-level=all
    588 pts/0    Sl+    0:17 /home/jin_zd/.vscode-server/bin/91fa95bccb027ece6a968589bb1d662fa9c8e170/node /home/jin_zd/.vscode-server/bin/91fa95bccb027ece6a968589bb1d662fa9c8e170/out/server-main.js --host=127.0.0.1 --port=0 --connection-token=2050053804-3835025002-99595665-1271105006 --use-host-proxy --without-browser-env-var --disable-websocket-compression --accept-server-license-terms --telemetry-level=all
    766 pts/0    Sl+    0:15 /home/jin_zd/.vscode-server/bin/91fa95bccb027ece6a968589bb1d662fa9c8e170/node /home/jin_zd/.vscode-server/bin/91fa95bccb027ece6a968589bb1d662fa9c8e170/out/bootstrap-fork --type=ptyHost --logsPath /home/jin_zd/.vscode-server/data/logs/20250514T181328
   1475 pts/2    Ssl+   0:02 /home/jin_zd/.vscode-server/bin/91fa95bccb027ece6a968589bb1d662fa9c8e170/node -e const net = require('net'); process.stdin.pause(); const client = net.createConnection({ host: '127.0.0.1', port: 42370 }, () => { client.pipe(process.stdout); process.stdin.pipe(client); }); client.on('close', function (hadError) { console.error(hadError ? 'Remote close with error' : 'Remote close'); process.exit(hadError ? 1 : 0); }); client.on('error', function (err) { process.stderr.write(err && (err.stack || err.message) || String(err)); });
   1483 pts/0    Sl+    0:02 /home/jin_zd/.vscode-server/bin/91fa95bccb027ece6a968589bb1d662fa9c8e170/node /home/jin_zd/.vscode-server/bin/91fa95bccb027ece6a968589bb1d662fa9c8e170/out/bootstrap-fork --type=fileWatcher
   1490 pts/3    Ssl+   0:08 /home/jin_zd/.vscode-server/bin/91fa95bccb027ece6a968589bb1d662fa9c8e170/node -e const net = require('net'); process.stdin.pause(); const client = net.createConnection({ host: '127.0.0.1', port: 42370 }, () => { client.pipe(process.stdout); process.stdin.pipe(client); }); client.on('close', function (hadError) { console.error(hadError ? 'Remote close with error' : 'Remote close'); process.exit(hadError ? 1 : 0); }); client.on('error', function (err) { process.stderr.write(err && (err.stack || err.message) || String(err)); });
   1505 pts/0    Sl+    6:05 /home/jin_zd/.vscode-server/bin/91fa95bccb027ece6a968589bb1d662fa9c8e170/node --dns-result-order=ipv4first /home/jin_zd/.vscode-server/bin/91fa95bccb027ece6a968589bb1d662fa9c8e170/out/bootstrap-fork --type=extensionHost --transformURIs --useHostProxy=true
   1561 pts/4    Ss+    0:00 /bin/sh -c cd '/home/jin_zd/csapp/lab2/shlab-handout' && /bin/sh
   1562 pts/4    S+     0:00 /bin/sh
   1572 pts/4    Sl+    0:00 /home/jin_zd/.vscode-server/bin/91fa95bccb027ece6a968589bb1d662fa9c8e170/node /home/jin_zd/.vscode-remote-containers/dist/vscode-remote-containers-server-0.413.0.js
   1605 pts/4    S+     0:00 /bin/sh
   1661 pts/0    Sl+    0:33 /home/jin_zd/.vscode-server/extensions/ms-vscode.cpptools-1.25.3/bin/cpptools
   1742 pts/0    Sl+    0:11 /home/jin_zd/.vscode-server/extensions/ms-vscode.cpptools-1.25.3/bin/cpptools-srv 1661 {D2D262E6-D7B0-4E78-9771-E98388D2F6C2}
  19100 pts/5    Ss     0:00 /bin/bash --init-file /home/jin_zd/.vscode-server/bin/91fa95bccb027ece6a968589bb1d662fa9c8e170/out/vs/workbench/contrib/terminal/common/scripts/shellIntegration-bash.sh
  19222 pts/5    S+     0:00 /bin/bash ./tsh_output.sh
  19474 pts/5    S+     0:00 /usr/bin/perl ./sdriver.pl -t trace11.txt -s ./tsh -a -p
  19475 pts/5    S+     0:00 ./tsh -p
  19486 pts/5    R      0:00 /bin/ps a
./sdriver.pl -t trace12.txt -s ./tsh -a "-p"
#
# trace12.txt - Forward SIGTSTP to every process in foreground process group
#
tsh> ./mysplit 4
Job [1] (19491) stopped by signal 20
tsh> jobs
[1] (19491) Stopped ./mysplit 4 
tsh> /bin/ps a
    PID TTY      STAT   TIME COMMAND
    267 hvc0     Ss+    0:00 /sbin/agetty -o -p -- \u --noclear --keep-baud - 115200,38400,9600 vt220
    275 tty1     Ss+    0:00 /sbin/agetty -o -p -- \u --noclear - linux
    362 pts/1    Ss     0:00 /bin/login -f
    383 pts/0    Ss+    0:00 sh -c "$VSCODE_WSL_EXT_LOCATION/scripts/wslServer.sh" 91fa95bccb027ece6a968589bb1d662fa9c8e170 stable code-server .vscode-server --host=127.0.0.1 --port=0 --connection-token=2050053804-3835025002-99595665-1271105006 --use-host-proxy --without-browser-env-var --disable-websocket-compression --accept-server-license-terms --telemetry-level=all
    384 pts/0    S+     0:00 sh /mnt/c/Users/Jin_zd/.vscode/extensions/ms-vscode-remote.remote-wsl-0.99.0/scripts/wslServer.sh 91fa95bccb027ece6a968589bb1d662fa9c8e170 stable code-server .vscode-server --host=127.0.0.1 --port=0 --connection-token=2050053804-3835025002-99595665-1271105006 --use-host-proxy --without-browser-env-var --disable-websocket-compression --accept-server-license-terms --telemetry-level=all
    435 pts/1    S+     0:00 -bash
    584 pts/0    S+     0:00 sh /home/jin_zd/.vscode-server/bin/91fa95bccb027ece6a968589bb1d662fa9c8e170/bin/code-server --host=127.0.0.1 --port=0 --connection-token=2050053804-3835025002-99595665-1271105006 --use-host-proxy --without-browser-env-var --disable-websocket-compression --accept-server-license-terms --telemetry-level=all
    588 pts/0    Sl+    0:17 /home/jin_zd/.vscode-server/bin/91fa95bccb027ece6a968589bb1d662fa9c8e170/node /home/jin_zd/.vscode-server/bin/91fa95bccb027ece6a968589bb1d662fa9c8e170/out/server-main.js --host=127.0.0.1 --port=0 --connection-token=2050053804-3835025002-99595665-1271105006 --use-host-proxy --without-browser-env-var --disable-websocket-compression --accept-server-license-terms --telemetry-level=all
    766 pts/0    Sl+    0:15 /home/jin_zd/.vscode-server/bin/91fa95bccb027ece6a968589bb1d662fa9c8e170/node /home/jin_zd/.vscode-server/bin/91fa95bccb027ece6a968589bb1d662fa9c8e170/out/bootstrap-fork --type=ptyHost --logsPath /home/jin_zd/.vscode-server/data/logs/20250514T181328
   1475 pts/2    Ssl+   0:02 /home/jin_zd/.vscode-server/bin/91fa95bccb027ece6a968589bb1d662fa9c8e170/node -e const net = require('net'); process.stdin.pause(); const client = net.createConnection({ host: '127.0.0.1', port: 42370 }, () => { client.pipe(process.stdout); process.stdin.pipe(client); }); client.on('close', function (hadError) { console.error(hadError ? 'Remote close with error' : 'Remote close'); process.exit(hadError ? 1 : 0); }); client.on('error', function (err) { process.stderr.write(err && (err.stack || err.message) || String(err)); });
   1483 pts/0    Sl+    0:02 /home/jin_zd/.vscode-server/bin/91fa95bccb027ece6a968589bb1d662fa9c8e170/node /home/jin_zd/.vscode-server/bin/91fa95bccb027ece6a968589bb1d662fa9c8e170/out/bootstrap-fork --type=fileWatcher
   1490 pts/3    Ssl+   0:08 /home/jin_zd/.vscode-server/bin/91fa95bccb027ece6a968589bb1d662fa9c8e170/node -e const net = require('net'); process.stdin.pause(); const client = net.createConnection({ host: '127.0.0.1', port: 42370 }, () => { client.pipe(process.stdout); process.stdin.pipe(client); }); client.on('close', function (hadError) { console.error(hadError ? 'Remote close with error' : 'Remote close'); process.exit(hadError ? 1 : 0); }); client.on('error', function (err) { process.stderr.write(err && (err.stack || err.message) || String(err)); });
   1505 pts/0    Sl+    6:05 /home/jin_zd/.vscode-server/bin/91fa95bccb027ece6a968589bb1d662fa9c8e170/node --dns-result-order=ipv4first /home/jin_zd/.vscode-server/bin/91fa95bccb027ece6a968589bb1d662fa9c8e170/out/bootstrap-fork --type=extensionHost --transformURIs --useHostProxy=true
   1561 pts/4    Ss+    0:00 /bin/sh -c cd '/home/jin_zd/csapp/lab2/shlab-handout' && /bin/sh
   1562 pts/4    S+     0:00 /bin/sh
   1572 pts/4    Sl+    0:00 /home/jin_zd/.vscode-server/bin/91fa95bccb027ece6a968589bb1d662fa9c8e170/node /home/jin_zd/.vscode-remote-containers/dist/vscode-remote-containers-server-0.413.0.js
   1605 pts/4    S+     0:00 /bin/sh
   1661 pts/0    Sl+    0:33 /home/jin_zd/.vscode-server/extensions/ms-vscode.cpptools-1.25.3/bin/cpptools
   1742 pts/0    Sl+    0:11 /home/jin_zd/.vscode-server/extensions/ms-vscode.cpptools-1.25.3/bin/cpptools-srv 1661 {D2D262E6-D7B0-4E78-9771-E98388D2F6C2}
  19100 pts/5    Ss     0:00 /bin/bash --init-file /home/jin_zd/.vscode-server/bin/91fa95bccb027ece6a968589bb1d662fa9c8e170/out/vs/workbench/contrib/terminal/common/scripts/shellIntegration-bash.sh
  19222 pts/5    S+     0:00 /bin/bash ./tsh_output.sh
  19488 pts/5    S+     0:00 /usr/bin/perl ./sdriver.pl -t trace12.txt -s ./tsh -a -p
  19489 pts/5    S+     0:00 ./tsh -p
  19491 pts/5    T      0:00 ./mysplit 4
  19492 pts/5    T      0:00 ./mysplit 4
  19522 pts/5    R      0:00 /bin/ps a
./sdriver.pl -t trace13.txt -s ./tsh -a "-p"
#
# trace13.txt - Restart every stopped process in process group
#
tsh> ./mysplit 4
Job [1] (19528) stopped by signal 20
tsh> jobs
[1] (19528) Stopped ./mysplit 4 
tsh> /bin/ps a
    PID TTY      STAT   TIME COMMAND
    267 hvc0     Ss+    0:00 /sbin/agetty -o -p -- \u --noclear --keep-baud - 115200,38400,9600 vt220
    275 tty1     Ss+    0:00 /sbin/agetty -o -p -- \u --noclear - linux
    362 pts/1    Ss     0:00 /bin/login -f
    383 pts/0    Ss+    0:00 sh -c "$VSCODE_WSL_EXT_LOCATION/scripts/wslServer.sh" 91fa95bccb027ece6a968589bb1d662fa9c8e170 stable code-server .vscode-server --host=127.0.0.1 --port=0 --connection-token=2050053804-3835025002-99595665-1271105006 --use-host-proxy --without-browser-env-var --disable-websocket-compression --accept-server-license-terms --telemetry-level=all
    384 pts/0    S+     0:00 sh /mnt/c/Users/Jin_zd/.vscode/extensions/ms-vscode-remote.remote-wsl-0.99.0/scripts/wslServer.sh 91fa95bccb027ece6a968589bb1d662fa9c8e170 stable code-server .vscode-server --host=127.0.0.1 --port=0 --connection-token=2050053804-3835025002-99595665-1271105006 --use-host-proxy --without-browser-env-var --disable-websocket-compression --accept-server-license-terms --telemetry-level=all
    435 pts/1    S+     0:00 -bash
    584 pts/0    S+     0:00 sh /home/jin_zd/.vscode-server/bin/91fa95bccb027ece6a968589bb1d662fa9c8e170/bin/code-server --host=127.0.0.1 --port=0 --connection-token=2050053804-3835025002-99595665-1271105006 --use-host-proxy --without-browser-env-var --disable-websocket-compression --accept-server-license-terms --telemetry-level=all
    588 pts/0    Sl+    0:17 /home/jin_zd/.vscode-server/bin/91fa95bccb027ece6a968589bb1d662fa9c8e170/node /home/jin_zd/.vscode-server/bin/91fa95bccb027ece6a968589bb1d662fa9c8e170/out/server-main.js --host=127.0.0.1 --port=0 --connection-token=2050053804-3835025002-99595665-1271105006 --use-host-proxy --without-browser-env-var --disable-websocket-compression --accept-server-license-terms --telemetry-level=all
    766 pts/0    Sl+    0:15 /home/jin_zd/.vscode-server/bin/91fa95bccb027ece6a968589bb1d662fa9c8e170/node /home/jin_zd/.vscode-server/bin/91fa95bccb027ece6a968589bb1d662fa9c8e170/out/bootstrap-fork --type=ptyHost --logsPath /home/jin_zd/.vscode-server/data/logs/20250514T181328
   1475 pts/2    Ssl+   0:02 /home/jin_zd/.vscode-server/bin/91fa95bccb027ece6a968589bb1d662fa9c8e170/node -e const net = require('net'); process.stdin.pause(); const client = net.createConnection({ host: '127.0.0.1', port: 42370 }, () => { client.pipe(process.stdout); process.stdin.pipe(client); }); client.on('close', function (hadError) { console.error(hadError ? 'Remote close with error' : 'Remote close'); process.exit(hadError ? 1 : 0); }); client.on('error', function (err) { process.stderr.write(err && (err.stack || err.message) || String(err)); });
   1483 pts/0    Sl+    0:02 /home/jin_zd/.vscode-server/bin/91fa95bccb027ece6a968589bb1d662fa9c8e170/node /home/jin_zd/.vscode-server/bin/91fa95bccb027ece6a968589bb1d662fa9c8e170/out/bootstrap-fork --type=fileWatcher
   1490 pts/3    Ssl+   0:08 /home/jin_zd/.vscode-server/bin/91fa95bccb027ece6a968589bb1d662fa9c8e170/node -e const net = require('net'); process.stdin.pause(); const client = net.createConnection({ host: '127.0.0.1', port: 42370 }, () => { client.pipe(process.stdout); process.stdin.pipe(client); }); client.on('close', function (hadError) { console.error(hadError ? 'Remote close with error' : 'Remote close'); process.exit(hadError ? 1 : 0); }); client.on('error', function (err) { process.stderr.write(err && (err.stack || err.message) || String(err)); });
   1505 pts/0    Sl+    6:05 /home/jin_zd/.vscode-server/bin/91fa95bccb027ece6a968589bb1d662fa9c8e170/node --dns-result-order=ipv4first /home/jin_zd/.vscode-server/bin/91fa95bccb027ece6a968589bb1d662fa9c8e170/out/bootstrap-fork --type=extensionHost --transformURIs --useHostProxy=true
   1561 pts/4    Ss+    0:00 /bin/sh -c cd '/home/jin_zd/csapp/lab2/shlab-handout' && /bin/sh
   1562 pts/4    S+     0:00 /bin/sh
   1572 pts/4    Sl+    0:00 /home/jin_zd/.vscode-server/bin/91fa95bccb027ece6a968589bb1d662fa9c8e170/node /home/jin_zd/.vscode-remote-containers/dist/vscode-remote-containers-server-0.413.0.js
   1605 pts/4    S+     0:00 /bin/sh
   1661 pts/0    Sl+    0:33 /home/jin_zd/.vscode-server/extensions/ms-vscode.cpptools-1.25.3/bin/cpptools
   1742 pts/0    Sl+    0:11 /home/jin_zd/.vscode-server/extensions/ms-vscode.cpptools-1.25.3/bin/cpptools-srv 1661 {D2D262E6-D7B0-4E78-9771-E98388D2F6C2}
  19100 pts/5    Ss     0:00 /bin/bash --init-file /home/jin_zd/.vscode-server/bin/91fa95bccb027ece6a968589bb1d662fa9c8e170/out/vs/workbench/contrib/terminal/common/scripts/shellIntegration-bash.sh
  19222 pts/5    S+     0:00 /bin/bash ./tsh_output.sh
  19524 pts/5    S+     0:00 /usr/bin/perl ./sdriver.pl -t trace13.txt -s ./tsh -a -p
  19525 pts/5    S+     0:00 ./tsh -p
  19528 pts/5    T      0:00 ./mysplit 4
  19531 pts/5    T      0:00 ./mysplit 4
  19537 pts/5    R      0:00 /bin/ps a
tsh> fg %1
tsh> /bin/ps a
    PID TTY      STAT   TIME COMMAND
    267 hvc0     Ss+    0:00 /sbin/agetty -o -p -- \u --noclear --keep-baud - 115200,38400,9600 vt220
    275 tty1     Ss+    0:00 /sbin/agetty -o -p -- \u --noclear - linux
    362 pts/1    Ss     0:00 /bin/login -f
    383 pts/0    Ss+    0:00 sh -c "$VSCODE_WSL_EXT_LOCATION/scripts/wslServer.sh" 91fa95bccb027ece6a968589bb1d662fa9c8e170 stable code-server .vscode-server --host=127.0.0.1 --port=0 --connection-token=2050053804-3835025002-99595665-1271105006 --use-host-proxy --without-browser-env-var --disable-websocket-compression --accept-server-license-terms --telemetry-level=all
    384 pts/0    S+     0:00 sh /mnt/c/Users/Jin_zd/.vscode/extensions/ms-vscode-remote.remote-wsl-0.99.0/scripts/wslServer.sh 91fa95bccb027ece6a968589bb1d662fa9c8e170 stable code-server .vscode-server --host=127.0.0.1 --port=0 --connection-token=2050053804-3835025002-99595665-1271105006 --use-host-proxy --without-browser-env-var --disable-websocket-compression --accept-server-license-terms --telemetry-level=all
    435 pts/1    S+     0:00 -bash
    584 pts/0    S+     0:00 sh /home/jin_zd/.vscode-server/bin/91fa95bccb027ece6a968589bb1d662fa9c8e170/bin/code-server --host=127.0.0.1 --port=0 --connection-token=2050053804-3835025002-99595665-1271105006 --use-host-proxy --without-browser-env-var --disable-websocket-compression --accept-server-license-terms --telemetry-level=all
    588 pts/0    Sl+    0:17 /home/jin_zd/.vscode-server/bin/91fa95bccb027ece6a968589bb1d662fa9c8e170/node /home/jin_zd/.vscode-server/bin/91fa95bccb027ece6a968589bb1d662fa9c8e170/out/server-main.js --host=127.0.0.1 --port=0 --connection-token=2050053804-3835025002-99595665-1271105006 --use-host-proxy --without-browser-env-var --disable-websocket-compression --accept-server-license-terms --telemetry-level=all
    766 pts/0    Sl+    0:15 /home/jin_zd/.vscode-server/bin/91fa95bccb027ece6a968589bb1d662fa9c8e170/node /home/jin_zd/.vscode-server/bin/91fa95bccb027ece6a968589bb1d662fa9c8e170/out/bootstrap-fork --type=ptyHost --logsPath /home/jin_zd/.vscode-server/data/logs/20250514T181328
   1475 pts/2    Ssl+   0:02 /home/jin_zd/.vscode-server/bin/91fa95bccb027ece6a968589bb1d662fa9c8e170/node -e const net = require('net'); process.stdin.pause(); const client = net.createConnection({ host: '127.0.0.1', port: 42370 }, () => { client.pipe(process.stdout); process.stdin.pipe(client); }); client.on('close', function (hadError) { console.error(hadError ? 'Remote close with error' : 'Remote close'); process.exit(hadError ? 1 : 0); }); client.on('error', function (err) { process.stderr.write(err && (err.stack || err.message) || String(err)); });
   1483 pts/0    Sl+    0:02 /home/jin_zd/.vscode-server/bin/91fa95bccb027ece6a968589bb1d662fa9c8e170/node /home/jin_zd/.vscode-server/bin/91fa95bccb027ece6a968589bb1d662fa9c8e170/out/bootstrap-fork --type=fileWatcher
   1490 pts/3    Ssl+   0:08 /home/jin_zd/.vscode-server/bin/91fa95bccb027ece6a968589bb1d662fa9c8e170/node -e const net = require('net'); process.stdin.pause(); const client = net.createConnection({ host: '127.0.0.1', port: 42370 }, () => { client.pipe(process.stdout); process.stdin.pipe(client); }); client.on('close', function (hadError) { console.error(hadError ? 'Remote close with error' : 'Remote close'); process.exit(hadError ? 1 : 0); }); client.on('error', function (err) { process.stderr.write(err && (err.stack || err.message) || String(err)); });
   1505 pts/0    Sl+    6:05 /home/jin_zd/.vscode-server/bin/91fa95bccb027ece6a968589bb1d662fa9c8e170/node --dns-result-order=ipv4first /home/jin_zd/.vscode-server/bin/91fa95bccb027ece6a968589bb1d662fa9c8e170/out/bootstrap-fork --type=extensionHost --transformURIs --useHostProxy=true
   1561 pts/4    Ss+    0:00 /bin/sh -c cd '/home/jin_zd/csapp/lab2/shlab-handout' && /bin/sh
   1562 pts/4    S+     0:00 /bin/sh
   1572 pts/4    Sl+    0:00 /home/jin_zd/.vscode-server/bin/91fa95bccb027ece6a968589bb1d662fa9c8e170/node /home/jin_zd/.vscode-remote-containers/dist/vscode-remote-containers-server-0.413.0.js
   1605 pts/4    S+     0:00 /bin/sh
   1661 pts/0    Sl+    0:33 /home/jin_zd/.vscode-server/extensions/ms-vscode.cpptools-1.25.3/bin/cpptools
   1742 pts/0    Sl+    0:11 /home/jin_zd/.vscode-server/extensions/ms-vscode.cpptools-1.25.3/bin/cpptools-srv 1661 {D2D262E6-D7B0-4E78-9771-E98388D2F6C2}
  19100 pts/5    Ss     0:00 /bin/bash --init-file /home/jin_zd/.vscode-server/bin/91fa95bccb027ece6a968589bb1d662fa9c8e170/out/vs/workbench/contrib/terminal/common/scripts/shellIntegration-bash.sh
  19222 pts/5    S+     0:00 /bin/bash ./tsh_output.sh
  19524 pts/5    S+     0:00 /usr/bin/perl ./sdriver.pl -t trace13.txt -s ./tsh -a -p
  19525 pts/5    S+     0:00 ./tsh -p
  19546 pts/0    S+     0:00 /bin/sh -c "/home/jin_zd/.vscode-server/bin/91fa95bccb027ece6a968589bb1d662fa9c8e170/out/vs/base/node/cpuUsage.sh" 19100 19222 19524 19525 19528 19531
  19547 pts/0    S+     0:00 /bin/bash /home/jin_zd/.vscode-server/bin/91fa95bccb027ece6a968589bb1d662fa9c8e170/out/vs/base/node/cpuUsage.sh 19100 19222 19524 19525 19528 19531
  19555 pts/0    S+     0:00 sleep 1
  19560 pts/5    R      0:00 /bin/ps a
./sdriver.pl -t trace14.txt -s ./tsh -a "-p"
#
# trace14.txt - Simple error handling
#
tsh> ./bogus
./bogus: Command not found.
tsh> ./myspin 4 &
[1] (19567) ./myspin 4 &
tsh> fg
fg command requires PID or %jobid argument
tsh> bg
bg command requires PID or %jobid argument
tsh> fg a
fg: argument must be a PID or %jobid
tsh> bg a
bg: argument must be a PID or %jobid
tsh> fg 9999999
(9999999): No such process
tsh> bg 9999999
(9999999): No such process
tsh> fg %2
%2: No such job
tsh> fg %1
Job [1] (19567) stopped by signal 20
tsh> bg %2
%2: No such job
tsh> bg %1
[1] (19567) ./myspin 4 &

tsh> jobs
[1] (19567) Running ./myspin 4 &
./sdriver.pl -t trace15.txt -s ./tsh -a "-p"
#
# trace15.txt - Putting it all together
#
tsh> ./bogus
./bogus: Command not found.
tsh> ./myspin 10
Job [1] (19600) terminated by signal 2
tsh> ./myspin 3 &
[1] (19626) ./myspin 3 &
tsh> ./myspin 4 &
[2] (19628) ./myspin 4 &
tsh> jobs
[1] (19626) Running ./myspin 3 &
[2] (19628) Running ./myspin 4 &
tsh> fg %1
Job [1] (19626) stopped by signal 20
tsh> jobs
[1] (19626) Stopped ./myspin 3 &
[2] (19628) Running ./myspin 4 &
tsh> bg %3
%3: No such job
tsh> bg %1
[1] (19626) ./myspin 3 &

tsh> jobs
[1] (19626) Running ./myspin 3 &
[2] (19628) Running ./myspin 4 &
tsh> fg %1
tsh> quit
./sdriver.pl -t trace16.txt -s ./tsh -a "-p"
#
# trace16.txt - Tests whether the shell can handle SIGTSTP and SIGINT
#     signals that come from other processes instead of the terminal.
#
tsh> ./mystop 2
Job [1] (19665) stopped by signal 20
tsh> jobs
[1] (19665) Stopped ./mystop 2
tsh> ./myint 2
Job [2] (19675) terminated by signal 2
